// Jest Snapshot v1, https://goo.gl/fbAQLP

exports[`RcCountryFlag render correctly 1`] = `
<Button
  className="margin-right"
  ghost={false}
  loading={false}
  onClick={[Function]}
  prefixCls="ant-btn"
>
  <ReactCountryFlag
    code="VN"
    svg={true}
  />
</Button>
`;
